// Jest Snapshot v1, https://goo.gl/fbAQLP

exports[`snapshot modal 1`] = `ShallowWrapper {}`;
